// Jest Snapshot v1, https://goo.gl/fbAQLP

exports[`Selected Chapter is defined Match snapshot when selected chapter is undefined 1`] = `
<div>
  <div
    class="chakra-stack css-10e2phi"
  >
    <h2
      class="chakra-heading css-1chwp2w"
    >
      Chapter 1: title
    </h2>
    <div
      class="chakra-stack css-tlrjpm"
    >
      <p
        class="chakra-text css-9vd5ud"
        role="paragraph"
        style="text-indent: 1.5rem;"
      >
        summary
      </p>
      <a
        class="chakra-link css-12fk6mn"
        href="link/to/summary"
        rel="noopener noreferrer"
        target="_blank"
      >
        - by 
        author of summary
        <svg
          class="chakra-icon css-12js555"
          fill="currentColor"
          focusable="false"
          height="1em"
          stroke="currentColor"
          stroke-width="0"
          viewBox="0 0 512 512"
          width="1em"
          xmlns="http://www.w3.org/2000/svg"
        >
          <path
            d="M432,320H400a16,16,0,0,0-16,16V448H64V128H208a16,16,0,0,0,16-16V80a16,16,0,0,0-16-16H48A48,48,0,0,0,0,112V464a48,48,0,0,0,48,48H400a48,48,0,0,0,48-48V336A16,16,0,0,0,432,320ZM488,0h-128c-21.37,0-32.05,25.91-17,41l35.73,35.73L135,320.37a24,24,0,0,0,0,34L157.67,377a24,24,0,0,0,34,0L435.28,133.32,471,169c15,15,41,4.5,41-17V24A24,24,0,0,0,488,0Z"
          />
        </svg>
      </a>
    </div>
  </div>
</div>
`;

exports[`Selected Chapter is undefined Match snapshot 1`] = `
<div>
  <div
    class="css-d85ps1"
  >
    <h2
      class="chakra-heading css-rq7u43"
    >
      No Chapter selected
    </h2>
  </div>
</div>
`;
