// Jest Snapshot v1, https://goo.gl/fbAQLP

exports[`matches snapshot 1`] = `
<div>
  <div
    class="chakra-stack css-1ccosi6"
  >
    <h2
      class="chakra-heading css-rq7u43"
    >
      Not Implemented Yet
    </h2>
    <div
      class="css-d85ps1"
    >
      <svg
        class="chakra-icon css-1c6a17"
        fill="currentColor"
        focusable="false"
        height="1em"
        stroke="currentColor"
        stroke-width="0"
        viewBox="0 0 16 16"
        width="1em"
        xmlns="http://www.w3.org/2000/svg"
      >
        <path
          clip-rule="evenodd"
          d="M11.46.146A.5.5 0 0011.107 0H4.893a.5.5 0 00-.353.146L.146 4.54A.5.5 0 000 4.893v6.214a.5.5 0 00.146.353l4.394 4.394a.5.5 0 00.353.146h6.214a.5.5 0 00.353-.146l4.394-4.394a.5.5 0 00.146-.353V4.893a.5.5 0 00-.146-.353L11.46.146zm.394 4.708a.5.5 0 00-.708-.708L8 7.293 4.854 4.146a.5.5 0 10-.708.708L7.293 8l-3.147 3.146a.5.5 0 00.708.708L8 8.707l3.146 3.147a.5.5 0 00.708-.708L8.707 8l3.147-3.146z"
          fill-rule="evenodd"
        />
      </svg>
    </div>
  </div>
</div>
`;
