// Jest Snapshot v1, https://goo.gl/fbAQLP

exports[`Matches the snapshot 1`] = `
<div>
  <div
    class="chakra-stack css-10e2phi"
  >
    <h2
      class="chakra-heading css-1chwp2w"
    >
      magic city
    </h2>
    <div
      class="chakra-stack css-tlrjpm"
    />
  </div>
</div>
`;
